reference__reference__beta0.0 seconds 0.54 truth 0.867 evidence 3.07
reference__attenuated__beta0.0 seconds 0.55 truth 0.8412 evidence 3.096
reference__concession_cost__beta0.0 seconds 0.48 truth 0.8714 evidence 3.424
reference__access_protection__beta0.0 seconds 0.5 truth 0.8454 evidence 2.344
attenuated__reference__beta0.0 seconds 0.46 truth 0.842 evidence 3.078
attenuated__attenuated__beta0.0 seconds 0.52 truth 0.8098 evidence 3.102
attenuated__concession_cost__beta0.0 seconds 0.49 truth 0.8481 evidence 3.429
attenuated__access_protection__beta0.0 seconds 0.53 truth 0.8236 evidence 2.335
concession_cost__reference__beta0.0 seconds 0.56 truth 0.8785 evidence 3.444
concession_cost__attenuated__beta0.0 seconds 0.61 truth 0.8489 evidence 3.464
concession_cost__concession_cost__beta0.0 seconds 0.52 truth 0.8831 evidence 3.806
concession_cost__access_protection__beta0.0 seconds 0.54 truth 0.8498 evidence 2.444
access_protection__reference__beta0.0 seconds 0.59 truth 0.8452 evidence 2.262
access_protection__attenuated__beta0.0 seconds 0.54 truth 0.8243 evidence 2.264
access_protection__concession_cost__beta0.0 seconds 0.6 truth 0.85 evidence 2.362
access_protection__access_protection__beta0.0 seconds 0.59 truth 0.8314 evidence 1.85
reference__reference__beta1.0 seconds 11.03 truth 0.8853 evidence 3.646
reference__attenuated__beta1.0 seconds 10.42 truth 0.855 evidence 3.628
reference__concession_cost__beta1.0 seconds 10.9 truth 0.8945 evidence 4.248
reference__access_protection__beta1.0 seconds 12.65 truth 0.8579 evidence 2.752
attenuated__reference__beta1.0 seconds 10.44 truth 0.8558 evidence 3.603
attenuated__attenuated__beta1.0 seconds 10.9 truth 0.8186 evidence 3.576
attenuated__concession_cost__beta1.0 seconds 10.95 truth 0.8619 evidence 4.193
attenuated__access_protection__beta1.0 seconds 11.08 truth 0.8344 evidence 2.709
concession_cost__reference__beta1.0 seconds 10.62 truth 0.8959 evidence 4.29
concession_cost__attenuated__beta1.0 seconds 10.99 truth 0.8651 evidence 4.283
concession_cost__concession_cost__beta1.0 seconds 11.0 truth 0.9066 evidence 4.911
concession_cost__access_protection__beta1.0 seconds 10.88 truth 0.8653 evidence 3.027
access_protection__reference__beta1.0 seconds 11.17 truth 0.8537 evidence 2.638
access_protection__attenuated__beta1.0 seconds 11.98 truth 0.8317 evidence 2.626
access_protection__concession_cost__beta1.0 seconds 12.39 truth 0.8542 evidence 2.872
access_protection__access_protection__beta1.0 seconds 11.17 truth 0.8383 evidence 2.159
reference__reference__verificationIG seconds 0.51 truth 0.8727 evidence 3.243
access_protection__access_protection__verificationIG seconds 0.68 truth 0.8333 evidence 1.912
concession_cost__reference__verificationIG seconds 0.54 truth 0.8861 evidence 3.672
concession_cost__reference__reassure seconds 11.12 truth 0.8862 evidence 4.186
concession_cost__reference__sham seconds 10.89 truth 0.8884 evidence 4.411
concession_cost__reference__silence seconds 11.32 truth 0.8884 evidence 4.411
concession_cost__reference__remove_cost seconds 11.02 truth 0.8917 evidence 4.001
concession_cost__reference__remove_gamma seconds 10.55 truth 0.8959 evidence 4.29
concession_cost__reference__force_open seconds 10.81 truth 0.922 evidence 6.056
access_protection__access_protection__reassure seconds 10.9 truth 0.8371 evidence 2.316
access_protection__access_protection__sham seconds 11.02 truth 0.8367 evidence 2.313
access_protection__access_protection__silence seconds 11.34 truth 0.8367 evidence 2.313
access_protection__access_protection__remove_cost seconds 11.8 truth 0.8383 evidence 2.159
access_protection__access_protection__remove_gamma seconds 11.66 truth 0.8709 evidence 2.951
access_protection__access_protection__force_open seconds 10.59 truth 0.8914 evidence 4.198
reference__reference__no_gate seconds 11.33 truth 0.9285 evidence 6.106
access_protection__access_protection__no_gate seconds 11.68 truth 0.916 evidence 5.692
